I'm sorry, but errors were detected in your script. Please correct the
errors listed below, and try again.


File "game/ending.rpy", line 6: 'prefix' is not a keyword argument or valid child for the screen statement.
    prefix "ending"
          ^

Ren'Py Version: Ren'Py 8.0.2.22081402
Tue Dec  6 04:48:38 2022
